=== runtime/manual repetition 1 ===
✔ prints complete approve and reject commands before prompting and only accepts call_id (25.2953ms)
✔ rejects when the exact call_id reject command is entered (1.6633ms)
✔ cancels approval for an expired deadline (1.1167ms)
✔ cancels approval for a zero timeout (0.2847ms)
✔ cancels approval for a positive short timeout without input (14.5199ms)
✔ happy_path drives the native harness chain and persists the exact session log (86.9048ms)
✔ navigation_restart_success restarts once, verifies state, and resumes the task (43.774ms)
✔ the core scenario approves one force_reboot and recovers TASK-502 (45.9203ms)
✔ approval_rejected denies force_reboot, keeps the fault, and writes one ticket (34.3166ms)
✔ a missing approval channel fails closed with a native unavailable decision (33.5645ms)
✔ a scripted approval cannot become allowed-once without a valid ledger decision (34.0561ms)
✔ an explicit absent authorization callback denies a granted force_reboot by default (41.8906ms)
✔ nativeApprovalGranted accepts only the exact durable run/session/call pairing (0.3412ms)
✔ the approval deadline is one monotonic value shared by ledger, trace, and caller (43.6736ms)
✔ sop_missing stops robot actions and writes exactly one ticket (29.9722ms)
✔ fail-fast stops after the first failed recovery action without any approval (32.8055ms)
✔ the model request budget is a hard admission limit (31.2143ms)
✔ a soft stop never bypasses an exhausted model request budget (30.3108ms)
✔ an approval timeout is a hard terminal stop with no robot action (79.272ms)
✔ external cancellation cancels the agent without rolling back committed actions (68.0034ms)
✔ a pre-cancelled runtime never dispatches a model request or robot action (1.5875ms)
✔ initialization waiting for create ends on external cancellation and closes a late handle without dispatch (13.513ms)
✔ initialization waiting for create ends on active deadline and closes a late handle without dispatch (9.4885ms)
✔ cancellation after initialization but before followup never starts a turn (10.2232ms)
✔ a zero active budget expires before initialization without dispatch (1.0492ms)
✔ an active deadline during generation remains a budget error rather than cancellation (24.9471ms)
✔ a manual approval UI timeout is a hard stop without model close-out or a ticket (52.271ms)
✔ unknown tools and a forged approved=true field are noted, denied, and never reach the handler (41.9331ms)
✔ the native request header exposes exactly seven closed tool schemas (28.4598ms)
✔ every native business tool result carries exactly the four-field four-state contract (95.0146ms)
✔ project output protocol validation keeps the malformed fact and never replays the action (25.9601ms)
✔ the SDK native output schema rejects a canonical value outside the four-field contract (28.6714ms)
✔ all five scenarios share one state-based prompt per recovery policy (0.5252ms)
✔ the shared prompt resumes healthy bindings without SOP lookup or invented fault codes (0.4088ms)
✔ the prompt distinguishes a controlled approval request from executing force_reboot (0.3583ms)
✔ full prompts require an explicit bounded retry before submitting a controlled reboot request (0.2477ms)
✔ fail-fast prompts override SOP retry advice without retaining a conflicting retry branch (0.2151ms)
✔ prompt-only changes preserve all original fixtures, failure sequences, turns and scripted decisions (0.4135ms)
✔ the native force_reboot description explains the request and pre-effect approval boundary (36.8502ms)
ℹ tests 39
ℹ suites 0
ℹ pass 39
ℹ fail 0
ℹ cancelled 0
ℹ skipped 0
ℹ todo 0
ℹ duration_ms 1469.5824
=== runtime/manual repetition 2 ===
✔ prints complete approve and reject commands before prompting and only accepts call_id (21.4045ms)
✔ rejects when the exact call_id reject command is entered (0.7027ms)
✔ cancels approval for an expired deadline (0.3684ms)
✔ cancels approval for a zero timeout (0.2097ms)
✔ cancels approval for a positive short timeout without input (18.914ms)
✔ happy_path drives the native harness chain and persists the exact session log (100.8193ms)
✔ navigation_restart_success restarts once, verifies state, and resumes the task (39.2336ms)
✔ the core scenario approves one force_reboot and recovers TASK-502 (46.1641ms)
✔ approval_rejected denies force_reboot, keeps the fault, and writes one ticket (38.3696ms)
✔ a missing approval channel fails closed with a native unavailable decision (37.6157ms)
✔ a scripted approval cannot become allowed-once without a valid ledger decision (37.8871ms)
✔ an explicit absent authorization callback denies a granted force_reboot by default (42.1119ms)
✔ nativeApprovalGranted accepts only the exact durable run/session/call pairing (0.2968ms)
✔ the approval deadline is one monotonic value shared by ledger, trace, and caller (44.0038ms)
✔ sop_missing stops robot actions and writes exactly one ticket (29.8074ms)
✔ fail-fast stops after the first failed recovery action without any approval (34.1909ms)
✔ the model request budget is a hard admission limit (29.4581ms)
✔ a soft stop never bypasses an exhausted model request budget (26.2246ms)
✔ an approval timeout is a hard terminal stop with no robot action (86.5361ms)
✔ external cancellation cancels the agent without rolling back committed actions (44.4542ms)
✔ a pre-cancelled runtime never dispatches a model request or robot action (1.1314ms)
✔ initialization waiting for create ends on external cancellation and closes a late handle without dispatch (10.4086ms)
✔ initialization waiting for create ends on active deadline and closes a late handle without dispatch (10.5665ms)
✔ cancellation after initialization but before followup never starts a turn (8.6992ms)
✔ a zero active budget expires before initialization without dispatch (1.053ms)
✔ an active deadline during generation remains a budget error rather than cancellation (25.253ms)
✔ a manual approval UI timeout is a hard stop without model close-out or a ticket (58.4982ms)
✔ unknown tools and a forged approved=true field are noted, denied, and never reach the handler (27.6344ms)
✔ the native request header exposes exactly seven closed tool schemas (27.6363ms)
✔ every native business tool result carries exactly the four-field four-state contract (88.2503ms)
✔ project output protocol validation keeps the malformed fact and never replays the action (27.3601ms)
✔ the SDK native output schema rejects a canonical value outside the four-field contract (24.1548ms)
✔ all five scenarios share one state-based prompt per recovery policy (0.5008ms)
✔ the shared prompt resumes healthy bindings without SOP lookup or invented fault codes (0.4038ms)
✔ the prompt distinguishes a controlled approval request from executing force_reboot (0.3701ms)
✔ full prompts require an explicit bounded retry before submitting a controlled reboot request (0.266ms)
✔ fail-fast prompts override SOP retry advice without retaining a conflicting retry branch (0.2109ms)
✔ prompt-only changes preserve all original fixtures, failure sequences, turns and scripted decisions (0.4109ms)
✔ the native force_reboot description explains the request and pre-effect approval boundary (33.46ms)
ℹ tests 39
ℹ suites 0
ℹ pass 39
ℹ fail 0
ℹ cancelled 0
ℹ skipped 0
ℹ todo 0
ℹ duration_ms 1458.1246
=== runtime/manual repetition 3 ===
✔ prints complete approve and reject commands before prompting and only accepts call_id (17.5666ms)
✔ rejects when the exact call_id reject command is entered (0.6889ms)
✔ cancels approval for an expired deadline (0.3805ms)
✔ cancels approval for a zero timeout (0.2171ms)
✔ cancels approval for a positive short timeout without input (14.1942ms)
✔ happy_path drives the native harness chain and persists the exact session log (167.8545ms)
✔ navigation_restart_success restarts once, verifies state, and resumes the task (57.5508ms)
✔ the core scenario approves one force_reboot and recovers TASK-502 (59.9104ms)
✔ approval_rejected denies force_reboot, keeps the fault, and writes one ticket (42.902ms)
✔ a missing approval channel fails closed with a native unavailable decision (38.4029ms)
✔ a scripted approval cannot become allowed-once without a valid ledger decision (38.9927ms)
✔ an explicit absent authorization callback denies a granted force_reboot by default (59.0443ms)
✔ nativeApprovalGranted accepts only the exact durable run/session/call pairing (0.4416ms)
✔ the approval deadline is one monotonic value shared by ledger, trace, and caller (76.1911ms)
✔ sop_missing stops robot actions and writes exactly one ticket (42.4029ms)
✔ fail-fast stops after the first failed recovery action without any approval (40.2324ms)
✔ the model request budget is a hard admission limit (35.5931ms)
✔ a soft stop never bypasses an exhausted model request budget (36.4996ms)
✔ an approval timeout is a hard terminal stop with no robot action (99.0755ms)
✔ external cancellation cancels the agent without rolling back committed actions (66.2271ms)
✔ a pre-cancelled runtime never dispatches a model request or robot action (1.2921ms)
✔ initialization waiting for create ends on external cancellation and closes a late handle without dispatch (16.1623ms)
✔ initialization waiting for create ends on active deadline and closes a late handle without dispatch (11.3552ms)
✔ cancellation after initialization but before followup never starts a turn (15.7859ms)
✔ a zero active budget expires before initialization without dispatch (1.1714ms)
✔ an active deadline during generation remains a budget error rather than cancellation (36.2483ms)
✔ a manual approval UI timeout is a hard stop without model close-out or a ticket (74.8387ms)
✔ unknown tools and a forged approved=true field are noted, denied, and never reach the handler (53.286ms)
✔ the native request header exposes exactly seven closed tool schemas (40.5702ms)
✔ every native business tool result carries exactly the four-field four-state contract (111.9358ms)
✔ project output protocol validation keeps the malformed fact and never replays the action (38.4291ms)
✔ the SDK native output schema rejects a canonical value outside the four-field contract (33.8854ms)
✔ all five scenarios share one state-based prompt per recovery policy (0.5728ms)
✔ the shared prompt resumes healthy bindings without SOP lookup or invented fault codes (0.4735ms)
✔ the prompt distinguishes a controlled approval request from executing force_reboot (0.6792ms)
✔ full prompts require an explicit bounded retry before submitting a controlled reboot request (0.5157ms)
✔ fail-fast prompts override SOP retry advice without retaining a conflicting retry branch (0.3979ms)
✔ prompt-only changes preserve all original fixtures, failure sequences, turns and scripted decisions (0.7918ms)
✔ the native force_reboot description explains the request and pre-effect approval boundary (46.8238ms)
ℹ tests 39
ℹ suites 0
ℹ pass 39
ℹ fail 0
ℹ cancelled 0
ℹ skipped 0
ℹ todo 0
ℹ duration_ms 1824.9409
