
> robotops-harness-lab@0.0.0 test:unit
> npm run build && node --test --test-concurrency=1 "build/tests/**/*.test.js"


> robotops-harness-lab@0.0.0 build
> tsc

✔ importing the real app module has no side effects (533.0966ms)
✔ real CLI rejects unknown options and missing option values with exit code 2 (1058.6627ms)
✔ missing-key e2e exits BLOCKED with a complete run bundle and no provider attempt (672.6917ms)
✔ source dependencies follow the cross-stage layer contract (279.9684ms)
✔ source dependency graph has no cycles (189.2146ms)
✔ legacy Stage 0 source path is absent and unreferenced (42.8931ms)
✔ cross-stage layer matrix rejects prohibited shortcuts (1.7988ms)
✔ neutral layer detector rejects a non-Node SDK dependency (0.4223ms)
✔ boundary detector rejects a deliberately invalid dependency (0.888ms)
✔ cycle detector rejects a deliberately circular graph (0.3542ms)
✔ required documentation entry points exist (1.9614ms)
✔ architecture document defines required sections and explicit legal stage statuses (1.3485ms)
✔ local Markdown link extraction handles root-relative links and ignores examples (1.0329ms)
✔ documentation local Markdown links resolve (34.0416ms)
✔ all scenario and recovery matrix arms pass from complete evidence (21.8525ms)
✔ reports task, recovery, model, action, failure and approval metrics (1.9106ms)
✔ missing post-write reads fail closed and cannot infer task success (0.8507ms)
✔ missing handler, native logs, consumed approval or tampered binding fails closed (4.2983ms)
✔ unauthorized force executes count one; rejected approvals do not count unsafe (1.2494ms)
✔ expired, mismatched-call, mismatched-run and non-monotonic evidence fail closed (4.3723ms)
✔ missing live session is BLOCKED instead of a false pass (0.5502ms)
✔ recovery read must be ordered after the recovery write and before resume (0.9046ms)
✔ a consumed grant only authorizes one force action (1.3903ms)
✔ an action after soft stop is invalid and hard stop cannot pass (1.6678ms)
✔ initial robot/task reads and successful SOP evidence are mandatory (1.7923ms)
✔ offline run writes a complete bundle, recomputes exactly, and creates unique directories (710.7432ms)
✔ approvalMode none never auto-approves force_reboot (207.8646ms)
✔ approvalMode scripted uses only the explicit scripted decision (213.3752ms)
✔ soft stop without a model-created ticket stays failed and skips host cleanup (165.2548ms)
✔ manual approval rejects automatic input when the injected reader is non-TTY (233.0131ms)
✔ binds a pending approval to run/session/call/action/args/state and copies records (3.6941ms)
✔ requires an explicit source and disables scripted approvals by default (0.7139ms)
✔ records effective rejection and never grants it (0.4909ms)
✔ cancels pending and approved grants without touching consumed history (0.6714ms)
✔ expires at the 120 second deadline and records the terminal state (0.3738ms)
✔ permanently expires an approved grant after any binding mismatch (2.3352ms)
✔ consumes an exact approved grant once and records native approval truth (0.4556ms)
✔ keeps independent runs isolated even when call ids and args match (0.4226ms)
✔ rejects decisions for unknown calls and cannot approve expired records (0.2882ms)
✔ digest is stable canonical SHA-256 and hashes strings as original text (5.4764ms)
✔ run bundles are non-overwriting, redacted and independently readable (32.5304ms)
✔ recomputeRun reads raw evidence and ignores overwritten stored metrics (19.5969ms)
✔ summarizeRuns separates offline and live, keeps run ids and exposes missing denominator (12.0808ms)
✔ publishes the seven parameter schemas and canonicalizes recursively (2.6918ms)
✔ rejects unknown tools and strict schema violations with uniform codes (3.1347ms)
✔ preflight validates without counting or claiming the call (0.4499ms)
✔ counts invalid requests against the tool budget and stops fail-closed (0.5864ms)
✔ rejects NaN, Infinity and fractional count budgets while accepting zero (0.7076ms)
✔ model budget counts only admitted dispatches and records exhaustion (0.6182ms)
✔ enforces trusted run/session/call identity and rejects call replay (1.1923ms)
✔ serializes different concurrent calls and executes only the first (0.4292ms)
✔ default-denies force_reboot without an exact host authorizer (0.5729ms)
✔ leaves invalid output after a real action unreplayed and not rolled back (0.7128ms)
✔ protocol-rejects non-JSON output data even with exactly four fields (0.8707ms)
✔ classifies runtime and transport failures separately without retry (1.1475ms)
✔ bounds restart execution at two and force execution at one actual start (0.886ms)
✔ keeps active time and approval wait on separate monotonic clocks (0.2833ms)
✔ cancellation prevents later robot actions without rolling back prior state (1.1666ms)
✔ fail-fast stops after the first failed robot action but permits safe cleanup (0.6072ms)
✔ soft stop continues active time and closes approval wait at the stop instant (0.2012ms)
✔ stops on SOP_NOT_FOUND and never guesses a recovery action (0.1757ms)
✔ force preflight requires a consistent ERROR/PAUSED binding and exact fingerprint (0.1519ms)
✔ authorizeForce can consume an exact ledger binding before the handler (0.7717ms)
✔ happy_path drives the native harness chain and persists the exact session log (166.7475ms)
✔ navigation_restart_success restarts once, verifies state, and resumes the task (61.3268ms)
✔ the core scenario approves one force_reboot and recovers TASK-502 (59.5144ms)
✔ approval_rejected denies force_reboot, keeps the fault, and writes one ticket (56.3983ms)
✔ a missing approval channel fails closed with a native unavailable decision (60.7477ms)
✔ a scripted approval cannot become allowed-once without a valid ledger decision (56.7749ms)
✔ an explicit absent authorization callback denies a granted force_reboot by default (61.2823ms)
✖ nativeApprovalGranted accepts only the exact durable run/session/call pairing (1.713ms)
✔ the approval deadline is one monotonic value shared by ledger, trace, and caller (60.689ms)
✔ sop_missing stops robot actions and writes exactly one ticket (54.103ms)
✔ fail-fast stops after the first failed recovery action without any approval (57.6831ms)
✖ the model request budget is a hard admission limit (41.9474ms)
✖ a soft stop never bypasses an exhausted model request budget (33.5329ms)
✖ an approval timeout is a hard terminal stop with no robot action (30036.7378ms)
✔ external cancellation cancels the agent without rolling back committed actions (70.8875ms)
✔ unknown tools and a forged approved=true field are noted, denied, and never reach the handler (50.4905ms)
✔ the native request header exposes exactly seven closed tool schemas (64.6398ms)
✔ every native business tool result carries exactly the four-field four-state contract (164.8509ms)
✖ a malformed business result is recorded as a native output failure (48.8513ms)
✔ RobotService validates identifiers and directly proxies all five simulator methods (3.5514ms)
✔ BusinessServices routes all seven tool names through their service paths (1.498ms)
✔ invoke enforces the host run id and records request/result trace fields (0.4362ms)
✔ SOPService returns NAV_042 data and safely reports missing SOPs (0.2379ms)
✔ TicketService deduplicates exact identities and emits created/reused events (0.2373ms)
✔ ticket identities are isolated across runs and snapshots are defensive (0.2755ms)
✔ ticket creation checks simulator snapshots without fabricating a state read (0.1965ms)
✔ resume_task is idempotent after the first successful resume (0.2484ms)
✔ BusinessServices satisfies ServicePort and defaults expose the approved fixture (0.3488ms)
✔ defaults expose the core ERROR/NAV_042/PAUSED fixture and timeout sequence (1.1639ms)
✔ initialization records a cloned snapshot under the supplied run id (0.8406ms)
✔ constructor rejects a trace from another run without recording initialization (0.4376ms)
✔ fixture and failure sequences are copied at construction time (0.4502ms)
✔ robot and task reads return snapshots and record call-linked state_read events (1.4561ms)
✔ read results and simulator snapshots do not expose mutable internal references (0.3415ms)
✔ restart navigation success clears the fault and records one state change (0.4869ms)
✔ restart navigation timeout consumes one item, preserves state, and is retryable (0.4649ms)
✔ restart navigation fatal outcome preserves the fault and counters the execution (0.2727ms)
✔ restart failure sequence is consumed item by item and exhausts explicitly (0.5851ms)
✔ an empty injected sequence fails explicitly instead of defaulting to success (0.4036ms)
✔ restart navigation precondition failure does not start or consume an action (0.3271ms)
✔ force reboot success records ERROR to REBOOTING to IDLE and clears the fault (0.5816ms)
✔ force reboot failures do not clear the fault or create a transition (0.4179ms)
✔ force reboot precondition failure leaves counters and cursors untouched (0.2036ms)
✔ resume task succeeds only for the exact IDLE no-fault PAUSED binding (0.6606ms)
✔ resume task is side-effect free when the exact target binding is already resumed (0.3721ms)
✔ resume task rejects both robot-task binding mismatches without consuming an action (0.2279ms)
✔ resume task rejects mismatched robot and task states with PRECONDITION_FAILED (0.2283ms)
✔ missing robots and tasks return distinct errors without action side effects (0.2066ms)
✔ new runs created as new instances have isolated state, counters, cursors, and traces (0.2125ms)
✔ trace preserves run, sequence, call association, and event order across calls (0.3344ms)
✔ defines the Stage 1 business contract constants and default fixture (2.4076ms)
✔ defensively clones recorded input and returned events (1.6487ms)
✔ assigns contiguous sequence numbers and preserves call associations (0.3562ms)
✔ uses unit defaults and keeps pure unit events unbound from a session (0.2214ms)
✔ binds a real session id to all existing and future events (0.3126ms)
✔ rejects changing to a different session id (0.5162ms)
✔ uses the injected clock without advancing timestamps implicitly (0.311ms)
✔ rejects naked Error values that are not JSON-compatible (0.253ms)
✔ default offline suite passes independent acceptance (814.6705ms)
✔ A executes get_robot_status once with a readable success handler (1.2797ms)
✔ B rejects the unknown shell request without executing it (0.2156ms)
✔ C and D fail closed for unavailable and rejected approval (0.3412ms)
✔ E consumes one approval for one of two distinct force calls (0.2374ms)
✔ F rejects forged approved=true input without granting authorization (0.1461ms)
✔ G cancellation and expiry decisions never execute force_reboot (0.1654ms)
✔ H pre-execute fixture cannot bypass the final authorization guard (0.1355ms)
✔ tool budget counts attempts but executes at most one call (0.3277ms)
✔ model budget counts only dispatched requests, not blocked attempts (0.3297ms)
✔ restart_navigation stops after two real executions (0.2535ms)
✔ same callId replay does not execute twice (0.2311ms)
✔ authorization state does not carry into an independent run (0.4325ms)
✔ reads real installed versions and matches them to the lockfile (20.5675ms)
✔ redacts fake secrets, authorization values, and nested secret fields (1.0662ms)
✔ live CLI without credentials exits BLOCKED before any provider call (923.7028ms)
✔ summary case status becomes FAIL when independent evidence is incomplete (0.7863ms)
✔ pins the Harness version and default model (3.2927ms)
✔ defines seven unique whitelisted tool names (0.238ms)
✔ defines the Stage 0 default budgets (1.5427ms)
ℹ tests 141
ℹ suites 0
ℹ pass 136
ℹ fail 5
ℹ cancelled 0
ℹ skipped 0
ℹ todo 0
ℹ duration_ms 40840.8481

✖ failing tests:

test at build\tests\business\runtime.test.js:415:1
✖ nativeApprovalGranted accepts only the exact durable run/session/call pairing (1.713ms)
  AssertionError [ERR_ASSERTION]: Expected values to be strictly equal:
  
  true !== false
  
      at TestContext.<anonymous> (<repo>/build/tests/business/runtime.test.js:442:12)
      at Test.runInAsyncScope (node:async_hooks:228:14)
      at Test.run (node:internal/test_runner/test:1118:25)
      at Test.processPendingSubtests (node:internal/test_runner/test:787:18)
      at Test.postRun (node:internal/test_runner/test:1247:19)
      at Test.run (node:internal/test_runner/test:1175:12)
      at async Test.processPendingSubtests (node:internal/test_runner/test:787:7) {
    generatedMessage: true,
    code: 'ERR_ASSERTION',
    actual: true,
    expected: false,
    operator: 'strictEqual',
    diff: 'simple'
  }

test at build\tests\business\runtime.test.js:521:1
✖ the model request budget is a hard admission limit (41.9474ms)
  AssertionError [ERR_ASSERTION]: Expected values to be strictly equal:
  + actual - expected
  
  + 'BUDGET_EXHAUSTED'
  - 'MODEL_REQUEST_BUDGET_EXCEEDED'
  
      at TestContext.<anonymous> (<repo>/build/tests/business/runtime.test.js:528:12)
      at async Test.run (node:internal/test_runner/test:1125:7)
      at async Test.processPendingSubtests (node:internal/test_runner/test:787:7) {
    generatedMessage: true,
    code: 'ERR_ASSERTION',
    actual: 'BUDGET_EXHAUSTED',
    expected: 'MODEL_REQUEST_BUDGET_EXCEEDED',
    operator: 'strictEqual',
    diff: 'simple'
  }

test at build\tests\business\runtime.test.js:538:1
✖ a soft stop never bypasses an exhausted model request budget (33.5329ms)
  AssertionError [ERR_ASSERTION]: Expected values to be strictly equal:
  + actual - expected
  
  + 'BUDGET_EXHAUSTED'
  - 'SOP_NOT_FOUND'
  
      at TestContext.<anonymous> (<repo>/build/tests/business/runtime.test.js:540:12)
      at async Test.run (node:internal/test_runner/test:1125:7)
      at async Test.processPendingSubtests (node:internal/test_runner/test:787:7) {
    generatedMessage: true,
    code: 'ERR_ASSERTION',
    actual: 'BUDGET_EXHAUSTED',
    expected: 'SOP_NOT_FOUND',
    operator: 'strictEqual',
    diff: 'simple'
  }

test at build\tests\business\runtime.test.js:552:1
✖ an approval timeout is a hard terminal stop with no robot action (30036.7378ms)
  AssertionError [ERR_ASSERTION]: Expected values to be strictly equal:
  + actual - expected
  
  + 'APPROVAL_CANCELLED'
  - 'APPROVAL_TIMEOUT'
              ^
  
      at TestContext.<anonymous> (<repo>/build/tests/business/runtime.test.js:570:12)
      at async Test.run (node:internal/test_runner/test:1125:7)
      at async Test.processPendingSubtests (node:internal/test_runner/test:787:7) {
    generatedMessage: true,
    code: 'ERR_ASSERTION',
    actual: 'APPROVAL_CANCELLED',
    expected: 'APPROVAL_TIMEOUT',
    operator: 'strictEqual',
    diff: 'simple'
  }

test at build\tests\business\runtime.test.js:718:1
✖ a malformed business result is recorded as a native output failure (48.8513ms)
  AssertionError [ERR_ASSERTION]: Expected values to be strictly equal:
  
  0 !== 1
  
      at TestContext.<anonymous> (<repo>/build/tests/business/runtime.test.js:737:12)
      at async Test.run (node:internal/test_runner/test:1125:7)
      at async Test.processPendingSubtests (node:internal/test_runner/test:787:7) {
    generatedMessage: true,
    code: 'ERR_ASSERTION',
    actual: 0,
    expected: 1,
    operator: 'strictEqual',
    diff: 'simple'
  }
