
> robotops-harness-lab@0.0.0 test:unit
> npm run build && node --test --test-concurrency=1 "build/tests/**/*.test.js"


> robotops-harness-lab@0.0.0 build
> tsc

✔ probe CLI rejects invalid arguments with exit code 2 (279.3634ms)
✔ importing the app module has no side effects (267.7985ms)
✔ test:e2e and eval placeholders exit with code 2 (193.8705ms)
✔ source dependencies follow the cross-stage layer contract (96.1333ms)
✔ source dependency graph has no cycles (39.5595ms)
✔ legacy Stage 0 source path is absent and unreferenced (6.9469ms)
✔ cross-stage layer matrix rejects prohibited shortcuts (0.859ms)
✔ neutral layer detector rejects a non-Node SDK dependency (0.1736ms)
✔ boundary detector rejects a deliberately invalid dependency (0.2265ms)
✔ cycle detector rejects a deliberately circular graph (0.175ms)
✔ required documentation entry points exist (1.4761ms)
✔ architecture document defines required sections and explicit legal stage statuses (1.0462ms)
✔ local Markdown link extraction handles root-relative links and ignores examples (0.9214ms)
✔ documentation local Markdown links resolve (12.7616ms)
✔ defaults expose the core ERROR/NAV_042/PAUSED fixture and timeout sequence (1.0408ms)
✔ initialization records a cloned snapshot under the supplied run id (0.5181ms)
✔ constructor rejects a trace from another run without recording initialization (0.3408ms)
✔ fixture and failure sequences are copied at construction time (0.3885ms)
✔ robot and task reads return snapshots and record call-linked state_read events (0.9525ms)
✔ read results and simulator snapshots do not expose mutable internal references (0.2097ms)
✔ restart navigation success clears the fault and records one state change (0.3281ms)
✔ restart navigation timeout consumes one item, preserves state, and is retryable (0.2244ms)
✔ restart navigation fatal outcome preserves the fault and counters the execution (0.1506ms)
✔ restart failure sequence is consumed item by item and exhausts explicitly (0.2616ms)
✔ an empty injected sequence fails explicitly instead of defaulting to success (0.2407ms)
✔ restart navigation precondition failure does not start or consume an action (0.1296ms)
✔ force reboot success records ERROR to REBOOTING to IDLE and clears the fault (0.306ms)
✔ force reboot failures do not clear the fault or create a transition (0.1988ms)
✔ force reboot precondition failure leaves counters and cursors untouched (0.0944ms)
✔ resume task succeeds only for the exact IDLE no-fault PAUSED binding (0.3041ms)
✔ resume task is side-effect free when the exact target binding is already resumed (0.2208ms)
✔ resume task rejects both robot-task binding mismatches without consuming an action (0.1199ms)
✔ resume task rejects mismatched robot and task states with PRECONDITION_FAILED (0.115ms)
✔ missing robots and tasks return distinct errors without action side effects (0.1111ms)
✔ new runs created as new instances have isolated state, counters, cursors, and traces (0.1215ms)
✔ trace preserves run, sequence, call association, and event order across calls (0.1905ms)
✔ defines the Stage 1 business contract constants and default fixture (1.7188ms)
✔ defensively clones recorded input and returned events (1.0126ms)
✔ assigns contiguous sequence numbers and preserves call associations (0.1779ms)
✔ uses unit defaults and keeps pure unit events unbound from a session (0.1476ms)
✔ binds a real session id to all existing and future events (0.1615ms)
✔ rejects changing to a different session id (0.3337ms)
✔ uses the injected clock without advancing timestamps implicitly (0.1831ms)
✔ rejects naked Error values that are not JSON-compatible (0.153ms)
✔ default offline suite passes independent acceptance (480.1228ms)
✔ A executes get_robot_status once with a readable success handler (0.2353ms)
✔ B rejects the unknown shell request without executing it (0.0924ms)
✔ C and D fail closed for unavailable and rejected approval (0.1258ms)
✔ E consumes one approval for one of two distinct force calls (0.1944ms)
✔ F rejects forged approved=true input without granting authorization (0.1362ms)
✔ G cancellation and expiry decisions never execute force_reboot (0.1287ms)
✔ H pre-execute fixture cannot bypass the final authorization guard (0.1033ms)
✔ tool budget counts attempts but executes at most one call (0.297ms)
✔ model budget counts only dispatched requests, not blocked attempts (0.2043ms)
✔ restart_navigation stops after two real executions (0.1484ms)
✔ same callId replay does not execute twice (0.1224ms)
✔ authorization state does not carry into an independent run (0.2642ms)
✔ reads real installed versions and matches them to the lockfile (9.2953ms)
✔ redacts fake secrets, authorization values, and nested secret fields (0.6494ms)
✔ live CLI without credentials exits BLOCKED before any provider call (578.839ms)
✔ summary case status becomes FAIL when independent evidence is incomplete (0.4549ms)
✔ pins the Harness version and default model (0.5823ms)
✔ defines seven unique whitelisted tool names (0.1048ms)
✔ defines the Stage 0 default budgets (0.5453ms)
ℹ tests 64
ℹ suites 0
ℹ pass 64
ℹ fail 0
ℹ cancelled 0
ℹ skipped 0
ℹ todo 0
ℹ duration_ms 3043.005
